0
0
10
39
65
78
97
114
130
18248
36533
54816
73108
91392
109679
18287481
0
10
39
65
78
97
114
130
18248
36533
54816
73108
91392
109679
18287481
0
10
39
65
78
97
114
130
18248
36533
54816
73108
91392
109679
18287481
0
10
39
65
78
97
114
130
18248
36533
54816
73108
91392
109679
18287481
0
10
39
65
78
97
114
130
18248
36533
54816
73108
91392
109679
18287481
0
10
39
65
78
97
114
130
18248
36533
54816
73108
91392
109679
18287481
0
10
39
65
78
97
114
130
18248
36533
54816
73108
91392
109679
18287481
0
10
39
65
78
97
114
130
18248
36533
54816
73108
91392
109679
18287481
0
10
39
65
78
97
114
130
18248
36533
54816
73108
91392
109679
18287481
0
10
39
65
78
97
114
130
18248
36533
54816
73108
91392
109679
182831
